{
  "ExtraMembers": [
    "System.Security.AccessControl.FileSecurity GetAccessControl(System.String)",
    "System.Security.AccessControl.FileSecurity GetAccessControl(System.String, System.Security.AccessControl.AccessControlSections)",
    "Void SetAccessControl(System.String, System.Security.AccessControl.FileSecurity)"
  ],
  "MissingMembers": [
    "Microsoft.Win32.SafeHandles.SafeFileHandle OpenHandle(System.String, System.IO.FileMode, System.IO.FileAccess, System.IO.FileShare, System.IO.FileOptions, Int64)"
  ]
}
