{
  "ExtraMembers": [
    "System.IO.Abstractions.IFileSystemExtensibility Extensibility",
    "System.IO.Abstractions.IFileSystemExtensibility get_Extensibility()"
  ],
  "MissingMembers": [
    "System.IO.Abstractions.IDirectoryInfo CreateSubdirectory(System.String, System.Security.AccessControl.DirectorySecurity)",
    "System.Object GetLifetimeService()",
    "System.Object InitializeLifetimeService()",
    "System.Runtime.Remoting.ObjRef CreateObjRef(System.Type)",
    "System.Security.AccessControl.DirectorySecurity GetAccessControl()",
    "System.Security.AccessControl.DirectorySecurity GetAccessControl(System.Security.AccessControl.AccessControlSections)",
    "Void .ctor(System.String)",
    "Void Create(System.Security.AccessControl.DirectorySecurity)",
    "Void GetObjectData(System.Runtime.Serialization.SerializationInfo, System.Runtime.Serialization.StreamingContext)",
    "Void SetAccessControl(System.Security.AccessControl.DirectorySecurity)"
  ]
}
