{
  "ExtraMembers": [
    "System.IO.Abstractions.IFileSystemExtensibility Extensibility",
    "System.IO.Abstractions.IFileSystemExtensibility get_Extensibility()"
  ],
  "MissingMembers": [
    "System.Object GetLifetimeService()",
    "System.Object InitializeLifetimeService()",
    "Void .ctor(System.String)",
    "Void GetObjectData(System.Runtime.Serialization.SerializationInfo, System.Runtime.Serialization.StreamingContext)",
    "Void MoveTo(System.String, Boolean)"
  ]
}
