{
  "ExtraMembers": [
    "System.IO.Abstractions.IDirectoryInfo CreateDirectory(System.String, System.Security.AccessControl.DirectorySecurity)",
    "System.Security.AccessControl.DirectorySecurity GetAccessControl(System.String)",
    "System.Security.AccessControl.DirectorySecurity GetAccessControl(System.String, System.Security.AccessControl.AccessControlSections)",
    "Void SetAccessControl(System.String, System.Security.AccessControl.DirectorySecurity)"
  ],
  "MissingMembers": [
    "System.Collections.Generic.IEnumerable`1[System.String] EnumerateDirectories(System.String, System.String, System.IO.EnumerationOptions)",
    "System.Collections.Generic.IEnumerable`1[System.String] EnumerateFileSystemEntries(System.String, System.String, System.IO.EnumerationOptions)",
    "System.Collections.Generic.IEnumerable`1[System.String] EnumerateFiles(System.String, System.String, System.IO.EnumerationOptions)",
    "System.String[] GetDirectories(System.String, System.String, System.IO.EnumerationOptions)",
    "System.String[] GetFileSystemEntries(System.String, System.String, System.IO.EnumerationOptions)",
    "System.String[] GetFiles(System.String, System.String, System.IO.EnumerationOptions)"
  ]
}
