{
  "ExtraMembers": [
    "System.Security.AccessControl.FileSecurity GetAccessControl()",
    "System.Security.AccessControl.FileSecurity GetAccessControl(System.Security.AccessControl.AccessControlSections)",
    "Void SetAccessControl(System.Security.AccessControl.FileSecurity)"
  ],
  "MissingMembers": [
    "System.Object GetLifetimeService()",
    "System.Object InitializeLifetimeService()",
    "Void .ctor(System.String)",
    "Void GetObjectData(System.Runtime.Serialization.SerializationInfo, System.Runtime.Serialization.StreamingContext)"
  ]
}
